// Jest Snapshot v1, https://goo.gl/fbAQLP

exports[`<Container /> should render the heading 1`] = `
.c0 {
  max-width: 81.25rem;
  margin-left: auto;
  margin-right: auto;
  padding-left: calc(2rem / 2);
  padding-right: calc(2rem / 2);
}

<section
  class="c0"
/>
`;
