// Jest Snapshot v1, https://goo.gl/fbAQLP

exports[`<Button /> should render the button size by default 1`] = `
.c0 {
  display: inline-flex;
  align-items: center;
  justify-content: center;
  border-radius: var(--radius);
  background: linear-gradient(180deg, #ff5f5f 0%, #f062c0 50%);
  color: var(--white);
  border: none;
  padding: 4px 8px;
  cursor: pointer;
  transition: all 0.3s ease;
  text-decoration: none;
}

.c0:hover {
  background: linear-gradient(180deg, #e35565 0%, #d958a6 50%);
}

<button
  class="c0"
>
  <span>
    Buy now
  </span>
</button>
`;
